// Jest Snapshot v1, https://goo.gl/fbAQLP

exports[`Pruebas en <Navbar/> debe de mostrarse correctamente  1`] = `
<nav
  className="navbar navbar-expand-lg navbar-dark bg-dark"
>
  <div
    className="container-fluid"
  >
    <a
      className="navbar-brand"
      onClick={[Function]}
    >
      HeroesApp
    </a>
    <button
      aria-controls="navbarNav"
      aria-expanded="false"
      aria-label="Toggle navigation"
      className="navbar-toggler"
      data-bs-target="#navbarNav"
      data-bs-toggle="collapse"
      type="button"
    >
      <span
        className="navbar-toggler-icon"
      />
    </button>
    <div
      className="collapse navbar-collapse"
      id="navbarNav"
    >
      <ul
        className="navbar-nav me-auto"
      >
        <li
          className="nav-item "
        >
          <a
            aria-current={null}
            className="nav-link"
            onClick={[Function]}
          >
            DC
          </a>
        </li>
        <li
          className="nav-item "
        >
          <a
            aria-current={null}
            className="nav-link"
            onClick={[Function]}
          >
            Marvel
          </a>
        </li>
        <li
          className="nav-item "
        >
          <a
            aria-current={null}
            className="nav-link"
            onClick={[Function]}
          >
            Search
          </a>
        </li>
      </ul>
      <ul
        className="navbar-nav"
      >
        <li
          className="nav-item nav-link"
        >
          <span
            className="text-info"
          >
            Luis Miguel
          </span>
        </li>
        <li
          className="nav-item"
        >
          <button
            className="btn btn-secondary"
            onClick={[Function]}
          >
            Logout
          </button>
        </li>
      </ul>
    </div>
  </div>
</nav>
`;
